// Jest Snapshot v1, https://goo.gl/fbAQLP

exports[`list users component should show error message 1`] = `"<div>An error occurred: Error: Failed to load</div>"`;

exports[`list users component should show loading screen 1`] = `"<div>Loading...</div>"`;

exports[`list users component should show users on dom 1`] = `"<div><h1>All users</h1><li>Per Borgli (per@borgli)</li></div>"`;
